<html>
<body>
<pre>
<h1>µVision Build Log</h1>
<h2>Tool Versions:</h2>
IDE-Version: µVision V5.28.0.0
Copyright (C) 2019 ARM Ltd and ARM Germany GmbH. All rights reserved.
License Information: narendiran s, student, LIC=----
 
Tool Versions:
Toolchain:       MDK-Lite  Version: 5.28.0.0
Toolchain Path:  D:\Keil_v5\ARM\ARMCC\Bin
C Compiler:      Armcc.exe V5.06 update 6 (build 750)
Assembler:       Armasm.exe V5.06 update 6 (build 750)
Linker/Locator:  ArmLink.exe V5.06 update 6 (build 750)
Library Manager: ArmAr.exe V5.06 update 6 (build 750)
Hex Converter:   FromElf.exe V5.06 update 6 (build 750)
CPU DLL:         SARM.DLL V5.28.0.0
Dialog DLL:      DARMP.DLL V1.53.0.0
Target DLL:      UL2ARM.DLL V1.74.10.0
Dialog DLL:      TARMP.DLL V1.53.0.0
 
<h2>Project:</h2>
C:\Users\naren\Desktop\LPC_2138_Working\Keil\ADC_\adc_.uvproj
Project File Date:  05/02/2020

<h2>Output:</h2>
*** Using Compiler 'V5.06 update 6 (build 750)', folder: 'D:\Keil_v5\ARM\ARMCC\Bin'
Rebuild target 'Target 1'
assembling Startup.s...
compiling naren_lcd_include_all_func.c...
compiling adc_cpgm.c...
adc_cpgm.c(97): warning:  #61-D: integer operation result is out of range
  	while( (AD0GDR & (1<<31)) == 0);
adc_cpgm.c(97): warning:  #68-D: integer conversion resulted in a change of sign
  	while( (AD0GDR & (1<<31)) == 0);
adc_cpgm.c(201): warning:  #1-D: last line of file ends without a newline
  }
adc_cpgm.c: 3 warnings, 0 errors
linking...
Program Size: Code=8524 RO-data=192 RW-data=0 ZI-data=1256  
FromELF: creating hex file...
".\Objects\adc_.axf" - 0 Error(s), 3 Warning(s).
Build Time Elapsed:  00:00:00
</pre>
</body>
</html>
