<html>
<body>
<pre>
<h1>µVision Build Log</h1>
<h2>Tool Versions:</h2>
IDE-Version: µVision V5.28.0.0
Copyright (C) 2019 ARM Ltd and ARM Germany GmbH. All rights reserved.
License Information: narendiran s, student, LIC=----
 
Tool Versions:
Toolchain:       MDK-Lite  Version: 5.28.0.0
Toolchain Path:  D:\Keil_v5\ARM\ARMCC\Bin
C Compiler:      Armcc.exe V5.06 update 6 (build 750)
Assembler:       Armasm.exe V5.06 update 6 (build 750)
Linker/Locator:  ArmLink.exe V5.06 update 6 (build 750)
Library Manager: ArmAr.exe V5.06 update 6 (build 750)
Hex Converter:   FromElf.exe V5.06 update 6 (build 750)
CPU DLL:         SARM.DLL V5.28.0.0
Dialog DLL:      DARMP.DLL V1.53.0.0
Target DLL:      UL2ARM.DLL V1.74.10.0
Dialog DLL:      TARMP.DLL V1.53.0.0
 
<h2>Project:</h2>
C:\Users\naren\Desktop\LPC_2138_Working\Keil\I2C_eeprom\i2c_eeprom.uvproj
Project File Date:  04/30/2020

<h2>Output:</h2>
*** Using Compiler 'V5.06 update 6 (build 750)', folder: 'D:\Keil_v5\ARM\ARMCC\Bin'
Rebuild target 'Target 1'
assembling Startup.s...
compiling naren_lcd_include_all_func.c...
compiling i2c_eeprom_cpgm.c...
i2c_eeprom_cpgm.c(157): warning:  #167-D: argument of type "unsigned char *" is incompatible with parameter of type "char *"
  	lcd_send_string(kkjl);
i2c_eeprom_cpgm.c: 1 warning, 0 errors
compiling naren_i2c_master_include.c...
linking...
Program Size: Code=2688 RO-data=32 RW-data=4 ZI-data=1260  
FromELF: creating hex file...
".\Objects\i2c_eeprom.axf" - 0 Error(s), 1 Warning(s).
Build Time Elapsed:  00:00:01
</pre>
</body>
</html>
